
=== Cohort n=1000 (3 seeds) ===
 Seed 1/3 (seed=1042)...
  LogReg 0.861±0.041 / 0.550±0.077 | RF 0.838/0.443 | Transformer 0.814/0.372
 Seed 2/3 (seed=2042)...
  LogReg 0.807±0.051 / 0.403±0.097 | RF 0.753/0.300 | Transformer 0.730/0.288
 Seed 3/3 (seed=3042)...
  LogReg 0.842±0.041 / 0.464±0.105 | RF 0.811/0.357 | Transformer 0.797/0.320
 -> aggregated n=1000: Transformer 0.780±0.036 / 0.327±0.034

=== Cohort n=3000 (3 seeds) ===
 Seed 1/3 (seed=3042)...
  LogReg 0.849±0.032 / 0.474±0.094 | RF 0.811/0.397 | Transformer 0.829/0.419
 Seed 2/3 (seed=4042)...
  LogReg 0.857±0.010 / 0.466±0.028 | RF 0.816/0.376 | Transformer 0.826/0.438
 Seed 3/3 (seed=5042)...
  LogReg 0.861±0.008 / 0.478±0.035 | RF 0.823/0.403 | Transformer 0.851/0.438
 -> aggregated n=3000: Transformer 0.835±0.011 / 0.431±0.009

=== Cohort n=10000 (3 seeds) ===
 Seed 1/3 (seed=10042)...
  LogReg 0.860±0.011 / 0.489±0.025 | RF 0.837/0.432 | Transformer 0.851/0.460
 Seed 2/3 (seed=11042)...
  LogReg 0.852±0.009 / 0.462±0.025 | RF 0.831/0.416 | Transformer 0.854/0.462
 Seed 3/3 (seed=12042)...
/usr/lib/python3/dist-packages/sklearn/linear_model/_logistic.py:469: ConvergenceWarning: lbfgs failed to converge (status=1):
STOP: TOTAL NO. OF ITERATIONS REACHED LIMIT.

Increase the number of iterations (max_iter) or scale the data as shown in:
    https://scikit-learn.org/stable/modules/preprocessing.html
Please also refer to the documentation for alternative solver options:
    https://scikit-learn.org/stable/modules/linear_model.html#logistic-regression
  n_iter_i = _check_optimize_result(
  LogReg 0.854±0.008 / 0.467±0.024 | RF 0.828/0.400 | Transformer 0.859/0.477
 -> aggregated n=10000: Transformer 0.855±0.003 / 0.466±0.007

=== Cohort n=20000 (3 seeds) ===
 Seed 1/3 (seed=20042)...
  LogReg 0.847±0.007 / 0.467±0.014 | RF 0.828/0.421 | Transformer 0.852/0.447
 Seed 2/3 (seed=21042)...
  LogReg 0.852±0.005 / 0.460±0.010 | RF 0.831/0.404 | Transformer 0.853/0.468
 Seed 3/3 (seed=22042)...
  LogReg 0.859±0.008 / 0.463±0.022 | RF 0.842/0.414 | Transformer 0.871/0.518
 -> aggregated n=20000: Transformer 0.859±0.009 / 0.478±0.030

Saved plots/scaling_small_3seeds.png
