
=== Task V2-C n=10000 (long-range diag_first x wbc_last) ===
 prevalence 0.158
 LogReg 0.706/0.264 RF 0.716/0.266
 Small...
 Epoch 1/12: 0.728/0.327
 Epoch 2/12: 0.891/0.637
 Epoch 3/12: 0.897/0.672
 Epoch 4/12: 0.899/0.673
 Epoch 5/12: 0.904/0.694
 Epoch 6/12: 0.907/0.695
 Epoch 7/12: 0.908/0.692
 Epoch 8/12: 0.903/0.692
 Epoch 9/12: 0.923/0.725
 Epoch 10/12: 0.939/0.745
 Epoch 11/12: 0.958/0.821
 Epoch 12/12: 0.959/0.843
 Small 0.959/0.843
 Medium...
 Epoch 1/12: 0.843/0.451
 Epoch 2/12: 0.888/0.631
 Epoch 3/12: 0.889/0.669
 Epoch 4/12: 0.897/0.680
 Epoch 5/12: 0.904/0.673
 Epoch 6/12: 0.903/0.657
 Epoch 7/12: 0.903/0.677
 Epoch 8/12: 0.904/0.658
 Epoch 9/12: 0.899/0.658
 Epoch 10/12: 0.902/0.661
 Epoch 11/12: 0.900/0.679
 Epoch 12/12: 0.911/0.692
 Medium 0.911/0.692

=== Task V2-C n=20000 (long-range diag_first x wbc_last) ===
 prevalence 0.151
 LogReg 0.710/0.265 RF 0.712/0.251
 Small...
 Epoch 1/12: 0.878/0.602
 Epoch 2/12: 0.894/0.653
 Epoch 3/12: 0.947/0.766
 Epoch 4/12: 0.950/0.777
 Epoch 5/12: 0.955/0.766
 Epoch 6/12: 0.958/0.791
 Epoch 7/12: 0.958/0.799
 Epoch 8/12: 0.961/0.820
 Epoch 9/12: 0.960/0.817
 Epoch 10/12: 0.965/0.845
 Epoch 11/12: 0.963/0.835
 Epoch 12/12: 0.962/0.835
 Small 0.965/0.845
 Medium...
 Epoch 1/12: 0.844/0.471
 Epoch 2/12: 0.885/0.631
 Epoch 3/12: 0.876/0.579
 Epoch 4/12: 0.889/0.622
 Epoch 5/12: 0.894/0.638
 Epoch 6/12: 0.900/0.660
 Epoch 7/12: 0.892/0.649
 Epoch 8/12: 0.913/0.697
 Epoch 9/12: 0.913/0.710
 Epoch 10/12: 0.915/0.720
 Epoch 11/12: 0.909/0.682
 Epoch 12/12: 0.915/0.701
 Medium 0.915/0.701
Saved plots/taskV2_C.png
